one was added
They are player number 1
two was added
They are player number 2
